[0m19:25:05.881372 [debug] [MainThread]: Sending event: {'category': 'dbt', 'action': 'invocation', 'label': 'start', 'context': [<snowplow_tracker.self_describing_json.SelfDescribingJson object at 0x0000029D4A7DED10>, <snowplow_tracker.self_describing_json.SelfDescribingJson object at 0x0000029D4F115850>, <snowplow_tracker.self_describing_json.SelfDescribingJson object at 0x0000029D4F115050>]}


============================== 19:25:05.976549 | d59c0740-a8ff-4cb1-bf0b-bfc9a147ead4 ==============================
[0m19:25:05.976549 [info ] [MainThread]: Running with dbt=1.11.11
[0m19:25:05.976549 [debug] [MainThread]: running dbt with arguments {'static_parser': 'True', 'no_print': 'None', 'version_check': 'True', 'warn_error_options': 'WarnErrorOptionsV2(error=[], warn=[], silence=[])', 'target_path': 'None', 'printer_width': '80', 'write_json': 'True', 'empty': 'None', 'log_cache_events': 'False', 'introspect': 'True', 'cache_selected_only': 'False', 'fail_fast': 'False', 'debug': 'False', 'log_format': 'default', 'partial_parse': 'True', 'send_anonymous_usage_stats': 'True', 'quiet': 'False', 'warn_error': 'None', 'profiles_dir': 'C:\\Users\\Windows\\.dbt', 'use_colors': 'True', 'indirect_selection': 'eager', 'invocation_command': 'dbt init', 'use_experimental_parser': 'False', 'log_path': 'logs'}
[0m19:25:06.245434 [info ] [MainThread]: Creating dbt configuration folder at C:\Users\Windows\.dbt
[0m19:25:20.565600 [debug] [MainThread]: Starter project path: C:\Users\Windows\Documents\Python\f1-ml-platform\.venv\Lib\site-packages\dbt\include\starter_project
[0m19:25:20.617641 [info ] [MainThread]: 
Your new dbt project "f1_ml_platform" was created!

For more information on how to configure the profiles.yml file,
please consult the dbt documentation here:

  https://docs.getdbt.com/docs/configure-your-profile

One more thing:

Need help? Don't hesitate to reach out to us via GitHub issues or on Slack:

  https://community.getdbt.com/

Happy modeling!

[0m19:25:20.617641 [info ] [MainThread]: Setting up your profile.
[0m19:26:24.091268 [info ] [MainThread]: Profile f1_ml_platform written to C:\Users\Windows\.dbt\profiles.yml using target's profile_template.yml and your supplied values. Run 'dbt debug' to validate the connection.
[0m19:26:24.095430 [debug] [MainThread]: Command `dbt init` succeeded at 19:26:24.091268 after 78.27 seconds
[0m19:26:24.095430 [debug] [MainThread]: Sending event: {'category': 'dbt', 'action': 'invocation', 'label': 'end', 'context': [<snowplow_tracker.self_describing_json.SelfDescribingJson object at 0x0000029D4720C210>, <snowplow_tracker.self_describing_json.SelfDescribingJson object at 0x0000029D4F11D3D0>, <snowplow_tracker.self_describing_json.SelfDescribingJson object at 0x0000029D4F1EDA50>]}
[0m19:26:24.095430 [debug] [MainThread]: Flushing usage events
[0m19:26:24.802101 [debug] [MainThread]: An error was encountered while trying to flush usage events
[0m19:26:32.644428 [debug] [MainThread]: Sending event: {'category': 'dbt', 'action': 'invocation', 'label': 'start', 'context': [<snowplow_tracker.self_describing_json.SelfDescribingJson object at 0x000002733E884B10>, <snowplow_tracker.self_describing_json.SelfDescribingJson object at 0x00000273420CEFD0>, <snowplow_tracker.self_describing_json.SelfDescribingJson object at 0x00000273431B7110>]}


============================== 19:26:32.644428 | 9157b3c0-df3d-41d4-8d2a-682570cf49f5 ==============================
[0m19:26:32.644428 [info ] [MainThread]: Running with dbt=1.11.11
[0m19:26:32.644428 [debug] [MainThread]: running dbt with arguments {'version_check': 'True', 'no_print': 'None', 'static_parser': 'True', 'warn_error_options': 'WarnErrorOptionsV2(error=[], warn=[], silence=[])', 'target_path': 'None', 'printer_width': '80', 'write_json': 'True', 'introspect': 'True', 'log_cache_events': 'False', 'empty': 'None', 'cache_selected_only': 'False', 'log_format': 'default', 'debug': 'False', 'fail_fast': 'False', 'partial_parse': 'True', 'send_anonymous_usage_stats': 'True', 'quiet': 'False', 'warn_error': 'None', 'profiles_dir': 'C:\\Users\\Windows\\.dbt', 'use_colors': 'True', 'invocation_command': 'dbt debug', 'indirect_selection': 'eager', 'use_experimental_parser': 'False', 'log_path': 'logs'}
[0m19:26:32.688724 [info ] [MainThread]: dbt version: 1.11.11
[0m19:26:32.688724 [info ] [MainThread]: python version: 3.11.15
[0m19:26:32.688724 [info ] [MainThread]: python path: C:\Users\Windows\Documents\Python\f1-ml-platform\.venv\Scripts\python.exe
[0m19:26:32.688724 [info ] [MainThread]: os info: Windows-10-10.0.26200-SP0
[0m19:26:32.722357 [info ] [MainThread]: Using profiles dir at C:\Users\Windows\.dbt
[0m19:26:32.735919 [info ] [MainThread]: Using profiles.yml file at C:\Users\Windows\.dbt\profiles.yml
[0m19:26:32.736624 [info ] [MainThread]: Using dbt_project.yml file at C:\Users\Windows\Documents\Python\f1-ml-platform\dbt_project.yml
[0m19:26:32.741716 [info ] [MainThread]: adapter type: postgres
[0m19:26:32.741716 [info ] [MainThread]: adapter version: 1.10.0
[0m19:26:32.747188 [info ] [MainThread]: Configuration:
[0m19:26:32.747188 [info ] [MainThread]:   profiles.yml file [[32mOK found and valid[0m]
[0m19:26:32.748209 [info ] [MainThread]:   dbt_project.yml file [[31mERROR not found[0m]
[0m19:26:32.748209 [info ] [MainThread]: Required dependencies:
[0m19:26:32.749211 [debug] [MainThread]: Executing "git --help"
[0m19:26:32.777100 [debug] [MainThread]: STDOUT: "b"usage: git [-v | --version] [-h | --help] [-C <path>] [-c <name>=<value>]\n           [--exec-path[=<path>]] [--html-path] [--man-path] [--info-path]\n           [-p | --paginate | -P | --no-pager] [--no-replace-objects] [--no-lazy-fetch]\n           [--no-optional-locks] [--no-advice] [--bare] [--git-dir=<path>]\n           [--work-tree=<path>] [--namespace=<name>] [--config-env=<name>=<envvar>]\n           <command> [<args>]\n\nThese are common Git commands used in various situations:\n\nstart a working area (see also: git help tutorial)\n   clone      Clone a repository into a new directory\n   init       Create an empty Git repository or reinitialize an existing one\n\nwork on the current change (see also: git help everyday)\n   add        Add file contents to the index\n   mv         Move or rename a file, a directory, or a symlink\n   restore    Restore working tree files\n   rm         Remove files from the working tree and from the index\n\nexamine the history and state (see also: git help revisions)\n   bisect     Use binary search to find the commit that introduced a bug\n   diff       Show changes between commits, commit and working tree, etc\n   grep       Print lines matching a pattern\n   log        Show commit logs\n   show       Show various types of objects\n   status     Show the working tree status\n\ngrow, mark and tweak your common history\n   backfill   Download missing objects in a partial clone\n   branch     List, create, or delete branches\n   commit     Record changes to the repository\n   merge      Join two or more development histories together\n   rebase     Reapply commits on top of another base tip\n   reset      Reset current HEAD to the specified state\n   switch     Switch branches\n   tag        Create, list, delete or verify a tag object signed with GPG\n\ncollaborate (see also: git help workflows)\n   fetch      Download objects and refs from another repository\n   pull       Fetch from and integrate with another repository or a local branch\n   push       Update remote refs along with associated objects\n\n'git help -a' and 'git help -g' list available subcommands and some\nconcept guides. See 'git help <command>' or 'git help <concept>'\nto read about a specific subcommand or concept.\nSee 'git help git' for an overview of the system.\n""
[0m19:26:32.777100 [debug] [MainThread]: STDERR: "b''"
[0m19:26:32.778103 [info ] [MainThread]:  - git [[32mOK found[0m]

[0m19:26:32.778103 [info ] [MainThread]: Connection:
[0m19:26:32.779105 [info ] [MainThread]:   host: aws-1-us-west-1.pooler.supabase.com
[0m19:26:32.779105 [info ] [MainThread]:   port: 5432
[0m19:26:32.780107 [info ] [MainThread]:   user: postgres.yqhjnzvyowpwmtmmuocf
[0m19:26:32.780107 [info ] [MainThread]:   database: postgres
[0m19:26:32.780107 [info ] [MainThread]:   schema: public
[0m19:26:32.780107 [info ] [MainThread]:   connect_timeout: 10
[0m19:26:32.780107 [info ] [MainThread]:   role: None
[0m19:26:32.780107 [info ] [MainThread]:   search_path: None
[0m19:26:32.780107 [info ] [MainThread]:   keepalives_idle: 0
[0m19:26:32.780107 [info ] [MainThread]:   sslmode: None
[0m19:26:32.783426 [info ] [MainThread]:   sslcert: None
[0m19:26:32.783426 [info ] [MainThread]:   sslkey: None
[0m19:26:32.784448 [info ] [MainThread]:   sslrootcert: None
[0m19:26:32.784448 [info ] [MainThread]:   application_name: dbt
[0m19:26:32.785451 [info ] [MainThread]:   retries: 1
[0m19:26:32.785451 [info ] [MainThread]: Registered adapter: postgres=1.10.0
[0m19:26:33.044491 [debug] [MainThread]: Acquiring new postgres connection 'debug'
[0m19:26:35.010071 [debug] [MainThread]: Using postgres connection "debug"
[0m19:26:35.010071 [debug] [MainThread]: On debug: select 1 as id
[0m19:26:35.010071 [debug] [MainThread]: Opening a new connection, currently in state init
[0m19:26:36.660840 [debug] [MainThread]: SQL status: SELECT 1 in 1.663 seconds
[0m19:26:36.660840 [debug] [MainThread]: On debug: Close
[0m19:26:36.676501 [info ] [MainThread]:   Connection test: [[32mOK connection ok[0m]

[0m19:26:36.676501 [info ] [MainThread]: [31m1 check failed:[0m
[0m19:26:36.676501 [info ] [MainThread]: Project loading failed for the following reason:
 project path <C:\Users\Windows\Documents\Python\f1-ml-platform\dbt_project.yml> not found

[0m19:26:36.676501 [debug] [MainThread]: Command `dbt debug` failed at 19:26:36.676501 after 4.10 seconds
[0m19:26:36.676501 [debug] [MainThread]: Connection 'debug' was properly closed.
[0m19:26:36.676501 [debug] [MainThread]: Sending event: {'category': 'dbt', 'action': 'invocation', 'label': 'end', 'context': [<snowplow_tracker.self_describing_json.SelfDescribingJson object at 0x00000273420C2E50>, <snowplow_tracker.self_describing_json.SelfDescribingJson object at 0x00000273420C0450>, <snowplow_tracker.self_describing_json.SelfDescribingJson object at 0x000002733B31C610>]}
[0m19:26:36.676501 [debug] [MainThread]: Flushing usage events
[0m19:26:37.189523 [debug] [MainThread]: An error was encountered while trying to flush usage events
[0m19:27:38.190894 [debug] [MainThread]: Sending event: {'category': 'dbt', 'action': 'invocation', 'label': 'start', 'context': [<snowplow_tracker.self_describing_json.SelfDescribingJson object at 0x00000213EB71EF10>, <snowplow_tracker.self_describing_json.SelfDescribingJson object at 0x00000213EB717B10>, <snowplow_tracker.self_describing_json.SelfDescribingJson object at 0x00000213EB717250>]}


============================== 19:27:38.190894 | 863ab80b-b77d-47ec-a510-60e4ca6666dd ==============================
[0m19:27:38.190894 [info ] [MainThread]: Running with dbt=1.11.11
[0m19:27:38.197585 [debug] [MainThread]: running dbt with arguments {'static_parser': 'True', 'no_print': 'None', 'version_check': 'True', 'warn_error_options': 'WarnErrorOptionsV2(error=[], warn=[], silence=[])', 'target_path': 'None', 'printer_width': '80', 'write_json': 'True', 'empty': 'None', 'log_cache_events': 'False', 'introspect': 'True', 'cache_selected_only': 'False', 'log_format': 'default', 'debug': 'False', 'fail_fast': 'False', 'partial_parse': 'True', 'send_anonymous_usage_stats': 'True', 'quiet': 'False', 'warn_error': 'None', 'profiles_dir': 'C:\\Users\\Windows\\.dbt', 'invocation_command': 'dbt debug', 'use_colors': 'True', 'indirect_selection': 'eager', 'use_experimental_parser': 'False', 'log_path': 'C:\\Users\\Windows\\Documents\\Python\\f1-ml-platform\\logs'}
[0m19:27:38.211504 [info ] [MainThread]: dbt version: 1.11.11
[0m19:27:38.213245 [info ] [MainThread]: python version: 3.11.15
[0m19:27:38.214046 [info ] [MainThread]: python path: C:\Users\Windows\Documents\Python\f1-ml-platform\.venv\Scripts\python.exe
[0m19:27:38.214046 [info ] [MainThread]: os info: Windows-10-10.0.26200-SP0
[0m19:27:38.254598 [info ] [MainThread]: Using profiles dir at C:\Users\Windows\.dbt
[0m19:27:38.255645 [info ] [MainThread]: Using profiles.yml file at C:\Users\Windows\.dbt\profiles.yml
[0m19:27:38.255645 [info ] [MainThread]: Using dbt_project.yml file at C:\Users\Windows\Documents\Python\f1-ml-platform\dbt_project.yml
[0m19:27:38.256654 [info ] [MainThread]: adapter type: postgres
[0m19:27:38.257657 [info ] [MainThread]: adapter version: 1.10.0
[0m19:27:38.332027 [info ] [MainThread]: Configuration:
[0m19:27:38.333031 [info ] [MainThread]:   profiles.yml file [[32mOK found and valid[0m]
[0m19:27:38.333031 [info ] [MainThread]:   dbt_project.yml file [[32mOK found and valid[0m]
[0m19:27:38.334087 [info ] [MainThread]: Required dependencies:
[0m19:27:38.334087 [debug] [MainThread]: Executing "git --help"
[0m19:27:38.355638 [debug] [MainThread]: STDOUT: "b"usage: git [-v | --version] [-h | --help] [-C <path>] [-c <name>=<value>]\n           [--exec-path[=<path>]] [--html-path] [--man-path] [--info-path]\n           [-p | --paginate | -P | --no-pager] [--no-replace-objects] [--no-lazy-fetch]\n           [--no-optional-locks] [--no-advice] [--bare] [--git-dir=<path>]\n           [--work-tree=<path>] [--namespace=<name>] [--config-env=<name>=<envvar>]\n           <command> [<args>]\n\nThese are common Git commands used in various situations:\n\nstart a working area (see also: git help tutorial)\n   clone      Clone a repository into a new directory\n   init       Create an empty Git repository or reinitialize an existing one\n\nwork on the current change (see also: git help everyday)\n   add        Add file contents to the index\n   mv         Move or rename a file, a directory, or a symlink\n   restore    Restore working tree files\n   rm         Remove files from the working tree and from the index\n\nexamine the history and state (see also: git help revisions)\n   bisect     Use binary search to find the commit that introduced a bug\n   diff       Show changes between commits, commit and working tree, etc\n   grep       Print lines matching a pattern\n   log        Show commit logs\n   show       Show various types of objects\n   status     Show the working tree status\n\ngrow, mark and tweak your common history\n   backfill   Download missing objects in a partial clone\n   branch     List, create, or delete branches\n   commit     Record changes to the repository\n   merge      Join two or more development histories together\n   rebase     Reapply commits on top of another base tip\n   reset      Reset current HEAD to the specified state\n   switch     Switch branches\n   tag        Create, list, delete or verify a tag object signed with GPG\n\ncollaborate (see also: git help workflows)\n   fetch      Download objects and refs from another repository\n   pull       Fetch from and integrate with another repository or a local branch\n   push       Update remote refs along with associated objects\n\n'git help -a' and 'git help -g' list available subcommands and some\nconcept guides. See 'git help <command>' or 'git help <concept>'\nto read about a specific subcommand or concept.\nSee 'git help git' for an overview of the system.\n""
[0m19:27:38.355638 [debug] [MainThread]: STDERR: "b''"
[0m19:27:38.355638 [info ] [MainThread]:  - git [[32mOK found[0m]

[0m19:27:38.355638 [info ] [MainThread]: Connection:
[0m19:27:38.362400 [info ] [MainThread]:   host: aws-1-us-west-1.pooler.supabase.com
[0m19:27:38.362400 [info ] [MainThread]:   port: 5432
[0m19:27:38.363428 [info ] [MainThread]:   user: postgres.yqhjnzvyowpwmtmmuocf
[0m19:27:38.363428 [info ] [MainThread]:   database: postgres
[0m19:27:38.363428 [info ] [MainThread]:   schema: public
[0m19:27:38.364432 [info ] [MainThread]:   connect_timeout: 10
[0m19:27:38.364432 [info ] [MainThread]:   role: None
[0m19:27:38.365435 [info ] [MainThread]:   search_path: None
[0m19:27:38.365435 [info ] [MainThread]:   keepalives_idle: 0
[0m19:27:38.366439 [info ] [MainThread]:   sslmode: None
[0m19:27:38.367011 [info ] [MainThread]:   sslcert: None
[0m19:27:38.367011 [info ] [MainThread]:   sslkey: None
[0m19:27:38.367791 [info ] [MainThread]:   sslrootcert: None
[0m19:27:38.367791 [info ] [MainThread]:   application_name: dbt
[0m19:27:38.367791 [info ] [MainThread]:   retries: 1
[0m19:27:38.367791 [info ] [MainThread]: Registered adapter: postgres=1.10.0
[0m19:27:38.631643 [debug] [MainThread]: Acquiring new postgres connection 'debug'
[0m19:27:38.688477 [debug] [MainThread]: Using postgres connection "debug"
[0m19:27:38.690480 [debug] [MainThread]: On debug: select 1 as id
[0m19:27:38.690480 [debug] [MainThread]: Opening a new connection, currently in state init
[0m19:27:40.199224 [debug] [MainThread]: SQL status: SELECT 1 in 1.519 seconds
[0m19:27:40.199224 [debug] [MainThread]: On debug: Close
[0m19:27:40.199224 [info ] [MainThread]:   Connection test: [[32mOK connection ok[0m]

[0m19:27:40.199224 [info ] [MainThread]: [32mAll checks passed![0m
[0m19:27:40.199224 [debug] [MainThread]: Command `dbt debug` succeeded at 19:27:40.199224 after 2.09 seconds
[0m19:27:40.199224 [debug] [MainThread]: Connection 'debug' was properly closed.
[0m19:27:40.199224 [debug] [MainThread]: Sending event: {'category': 'dbt', 'action': 'invocation', 'label': 'end', 'context': [<snowplow_tracker.self_describing_json.SelfDescribingJson object at 0x00000213EB786D90>, <snowplow_tracker.self_describing_json.SelfDescribingJson object at 0x00000213EB9D6F50>, <snowplow_tracker.self_describing_json.SelfDescribingJson object at 0x00000213E3BA2210>]}
[0m19:27:40.199224 [debug] [MainThread]: Flushing usage events
[0m19:27:40.757703 [debug] [MainThread]: An error was encountered while trying to flush usage events
[0m19:35:31.177112 [debug] [MainThread]: Sending event: {'category': 'dbt', 'action': 'invocation', 'label': 'start', 'context': [<snowplow_tracker.self_describing_json.SelfDescribingJson object at 0x000002AAEFE60150>, <snowplow_tracker.self_describing_json.SelfDescribingJson object at 0x000002AAF0FBDF90>, <snowplow_tracker.self_describing_json.SelfDescribingJson object at 0x000002AAF0FBEDD0>]}


============================== 19:35:31.177112 | 07c7ecc5-4fdb-434f-8c74-edcf028d4961 ==============================
[0m19:35:31.177112 [info ] [MainThread]: Running with dbt=1.11.11
[0m19:35:31.177112 [debug] [MainThread]: running dbt with arguments {'version_check': 'True', 'no_print': 'None', 'static_parser': 'True', 'target_path': 'None', 'warn_error_options': 'WarnErrorOptionsV2(error=[], warn=[], silence=[])', 'printer_width': '80', 'write_json': 'True', 'introspect': 'True', 'log_cache_events': 'False', 'empty': 'False', 'cache_selected_only': 'False', 'log_format': 'default', 'debug': 'False', 'fail_fast': 'False', 'profiles_dir': 'C:\\Users\\Windows\\.dbt', 'send_anonymous_usage_stats': 'True', 'quiet': 'False', 'warn_error': 'None', 'partial_parse': 'True', 'use_colors': 'True', 'invocation_command': 'dbt run', 'indirect_selection': 'eager', 'use_experimental_parser': 'False', 'log_path': 'logs'}
[0m19:35:31.177112 [error] [MainThread]: Encountered an error:
Runtime Error
  No dbt_project.yml found at expected path C:\Users\Windows\Documents\Python\f1-ml-platform\dbt_project.yml
  Verify that each entry within packages.yml (and their transitive dependencies) contains a file named dbt_project.yml
  
[0m19:35:31.177112 [debug] [MainThread]: Command `dbt run` failed at 19:35:31.177112 after 0.09 seconds
[0m19:35:31.177112 [debug] [MainThread]: Sending event: {'category': 'dbt', 'action': 'invocation', 'label': 'end', 'context': [<snowplow_tracker.self_describing_json.SelfDescribingJson object at 0x000002AAEFE62E50>, <snowplow_tracker.self_describing_json.SelfDescribingJson object at 0x000002AAF0FBF750>, <snowplow_tracker.self_describing_json.SelfDescribingJson object at 0x000002AAE906CAD0>]}
[0m19:35:31.177112 [debug] [MainThread]: Flushing usage events
[0m19:35:31.842695 [debug] [MainThread]: An error was encountered while trying to flush usage events
[0m19:35:51.226794 [debug] [MainThread]: Sending event: {'category': 'dbt', 'action': 'invocation', 'label': 'start', 'context': [<snowplow_tracker.self_describing_json.SelfDescribingJson object at 0x00000206025B4290>, <snowplow_tracker.self_describing_json.SelfDescribingJson object at 0x0000020606EC5990>, <snowplow_tracker.self_describing_json.SelfDescribingJson object at 0x0000020606EC5810>]}


============================== 19:35:51.230463 | e1bbae0d-604d-4813-9123-cb9bfc338dd3 ==============================
[0m19:35:51.230463 [info ] [MainThread]: Running with dbt=1.11.11
[0m19:35:51.231466 [debug] [MainThread]: running dbt with arguments {'version_check': 'True', 'no_print': 'None', 'static_parser': 'True', 'target_path': 'None', 'warn_error_options': 'WarnErrorOptionsV2(error=[], warn=[], silence=[])', 'printer_width': '80', 'write_json': 'True', 'introspect': 'True', 'log_cache_events': 'False', 'empty': 'None', 'cache_selected_only': 'False', 'fail_fast': 'False', 'debug': 'False', 'log_format': 'default', 'profiles_dir': 'C:\\Users\\Windows\\.dbt', 'send_anonymous_usage_stats': 'True', 'quiet': 'False', 'warn_error': 'None', 'partial_parse': 'True', 'invocation_command': 'dbt debug', 'indirect_selection': 'eager', 'use_colors': 'True', 'use_experimental_parser': 'False', 'log_path': 'logs'}
[0m19:35:51.251051 [info ] [MainThread]: dbt version: 1.11.11
[0m19:35:51.251051 [info ] [MainThread]: python version: 3.11.15
[0m19:35:51.252223 [info ] [MainThread]: python path: C:\Users\Windows\Documents\Python\f1-ml-platform\.venv\Scripts\python.exe
[0m19:35:51.252223 [info ] [MainThread]: os info: Windows-10-10.0.26200-SP0
[0m19:35:51.299719 [info ] [MainThread]: Using profiles dir at C:\Users\Windows\.dbt
[0m19:35:51.299719 [info ] [MainThread]: Using profiles.yml file at C:\Users\Windows\.dbt\profiles.yml
[0m19:35:51.299719 [info ] [MainThread]: Using dbt_project.yml file at C:\Users\Windows\Documents\Python\f1-ml-platform\dbt_project.yml
[0m19:35:51.299719 [info ] [MainThread]: adapter type: postgres
[0m19:35:51.299719 [info ] [MainThread]: adapter version: 1.10.0
[0m19:35:51.299719 [info ] [MainThread]: Configuration:
[0m19:35:51.299719 [info ] [MainThread]:   profiles.yml file [[32mOK found and valid[0m]
[0m19:35:51.299719 [info ] [MainThread]:   dbt_project.yml file [[31mERROR not found[0m]
[0m19:35:51.299719 [info ] [MainThread]: Required dependencies:
[0m19:35:51.299719 [debug] [MainThread]: Executing "git --help"
[0m19:35:51.348605 [debug] [MainThread]: STDOUT: "b"usage: git [-v | --version] [-h | --help] [-C <path>] [-c <name>=<value>]\n           [--exec-path[=<path>]] [--html-path] [--man-path] [--info-path]\n           [-p | --paginate | -P | --no-pager] [--no-replace-objects] [--no-lazy-fetch]\n           [--no-optional-locks] [--no-advice] [--bare] [--git-dir=<path>]\n           [--work-tree=<path>] [--namespace=<name>] [--config-env=<name>=<envvar>]\n           <command> [<args>]\n\nThese are common Git commands used in various situations:\n\nstart a working area (see also: git help tutorial)\n   clone      Clone a repository into a new directory\n   init       Create an empty Git repository or reinitialize an existing one\n\nwork on the current change (see also: git help everyday)\n   add        Add file contents to the index\n   mv         Move or rename a file, a directory, or a symlink\n   restore    Restore working tree files\n   rm         Remove files from the working tree and from the index\n\nexamine the history and state (see also: git help revisions)\n   bisect     Use binary search to find the commit that introduced a bug\n   diff       Show changes between commits, commit and working tree, etc\n   grep       Print lines matching a pattern\n   log        Show commit logs\n   show       Show various types of objects\n   status     Show the working tree status\n\ngrow, mark and tweak your common history\n   backfill   Download missing objects in a partial clone\n   branch     List, create, or delete branches\n   commit     Record changes to the repository\n   merge      Join two or more development histories together\n   rebase     Reapply commits on top of another base tip\n   reset      Reset current HEAD to the specified state\n   switch     Switch branches\n   tag        Create, list, delete or verify a tag object signed with GPG\n\ncollaborate (see also: git help workflows)\n   fetch      Download objects and refs from another repository\n   pull       Fetch from and integrate with another repository or a local branch\n   push       Update remote refs along with associated objects\n\n'git help -a' and 'git help -g' list available subcommands and some\nconcept guides. See 'git help <command>' or 'git help <concept>'\nto read about a specific subcommand or concept.\nSee 'git help git' for an overview of the system.\n""
[0m19:35:51.348605 [debug] [MainThread]: STDERR: "b''"
[0m19:35:51.348605 [info ] [MainThread]:  - git [[32mOK found[0m]

[0m19:35:51.348605 [info ] [MainThread]: Connection:
[0m19:35:51.348605 [info ] [MainThread]:   host: aws-1-us-west-1.pooler.supabase.com
[0m19:35:51.348605 [info ] [MainThread]:   port: 5432
[0m19:35:51.348605 [info ] [MainThread]:   user: postgres.yqhjnzvyowpwmtmmuocf
[0m19:35:51.348605 [info ] [MainThread]:   database: postgres
[0m19:35:51.348605 [info ] [MainThread]:   schema: public
[0m19:35:51.348605 [info ] [MainThread]:   connect_timeout: 10
[0m19:35:51.348605 [info ] [MainThread]:   role: None
[0m19:35:51.348605 [info ] [MainThread]:   search_path: None
[0m19:35:51.348605 [info ] [MainThread]:   keepalives_idle: 0
[0m19:35:51.348605 [info ] [MainThread]:   sslmode: None
[0m19:35:51.348605 [info ] [MainThread]:   sslcert: None
[0m19:35:51.348605 [info ] [MainThread]:   sslkey: None
[0m19:35:51.348605 [info ] [MainThread]:   sslrootcert: None
[0m19:35:51.356185 [info ] [MainThread]:   application_name: dbt
[0m19:35:51.356185 [info ] [MainThread]:   retries: 1
[0m19:35:51.357204 [info ] [MainThread]: Registered adapter: postgres=1.10.0
[0m19:35:51.676311 [debug] [MainThread]: Acquiring new postgres connection 'debug'
[0m19:35:53.583201 [debug] [MainThread]: Using postgres connection "debug"
[0m19:35:53.583201 [debug] [MainThread]: On debug: select 1 as id
[0m19:35:53.584201 [debug] [MainThread]: Opening a new connection, currently in state init
[0m19:35:58.176449 [debug] [MainThread]: SQL status: SELECT 1 in 4.595 seconds
[0m19:35:58.179683 [debug] [MainThread]: On debug: Close
[0m19:35:58.179683 [info ] [MainThread]:   Connection test: [[32mOK connection ok[0m]

[0m19:35:58.179683 [info ] [MainThread]: [31m1 check failed:[0m
[0m19:35:58.179683 [info ] [MainThread]: Project loading failed for the following reason:
 project path <C:\Users\Windows\Documents\Python\f1-ml-platform\dbt_project.yml> not found

[0m19:35:58.179683 [debug] [MainThread]: Command `dbt debug` failed at 19:35:58.179683 after 7.02 seconds
[0m19:35:58.179683 [debug] [MainThread]: Connection 'debug' was properly closed.
[0m19:35:58.179683 [debug] [MainThread]: Sending event: {'category': 'dbt', 'action': 'invocation', 'label': 'end', 'context': [<snowplow_tracker.self_describing_json.SelfDescribingJson object at 0x0000020607570250>, <snowplow_tracker.self_describing_json.SelfDescribingJson object at 0x0000020607570DD0>, <snowplow_tracker.self_describing_json.SelfDescribingJson object at 0x0000020607571350>]}
[0m19:35:58.179683 [debug] [MainThread]: Flushing usage events
[0m19:35:58.692282 [debug] [MainThread]: An error was encountered while trying to flush usage events
